Archive member included to satisfy reference by file (symbol)

c:/program files (x86)/atmel/studio/7.0/toolchain/avr8/avr8-gnu-toolchain/bin/../lib/gcc/avr/5.4.0/avr5\libgcc.a(_exit.o)
                              C:/Program Files (x86)/Atmel/Studio/7.0/Packs/atmel/ATmega_DFP/1.7.374/gcc/dev/atmega32/avr5/crtatmega32.o (exit)
c:/program files (x86)/atmel/studio/7.0/toolchain/avr8/avr8-gnu-toolchain/bin/../lib/gcc/avr/5.4.0/avr5\libgcc.a(_tablejump2.o)
                              HAL/LCD Driver/LCD.o (__tablejump2__)
c:/program files (x86)/atmel/studio/7.0/toolchain/avr8/avr8-gnu-toolchain/bin/../lib/gcc/avr/5.4.0/avr5\libgcc.a(_copy_data.o)
                              Application/Application.o (__do_copy_data)
c:/program files (x86)/atmel/studio/7.0/toolchain/avr8/avr8-gnu-toolchain/bin/../lib/gcc/avr/5.4.0/avr5\libgcc.a(_clear_bss.o)
                              Application/Application.o (__do_clear_bss)
c:/program files (x86)/atmel/studio/7.0/toolchain/avr8/avr8-gnu-toolchain/bin/../lib/gcc/avr/5.4.0/avr5\libgcc.a(_udivdi3.o)
                              HAL/LCD Driver/LCD.o (__umoddi3)
c:/program files (x86)/atmel/studio/7.0/toolchain/avr8/avr8-gnu-toolchain/bin/../lib/gcc/avr/5.4.0/avr5\libgcc.a(_udivmod64.o)
                              c:/program files (x86)/atmel/studio/7.0/toolchain/avr8/avr8-gnu-toolchain/bin/../lib/gcc/avr/5.4.0/avr5\libgcc.a(_udivdi3.o) (__udivmod64)
c:/program files (x86)/atmel/studio/7.0/toolchain/avr8/avr8-gnu-toolchain/bin/../lib/gcc/avr/5.4.0/avr5\libgcc.a(_cmpdi2_s8.o)
                              HAL/LCD Driver/LCD.o (__cmpdi2_s8)

Allocating common symbols
Common symbol       size              file

Distance            0xa               Application/Application.o
Timer1APP           0x5               Application/Application.o

Discarded input sections

 .data          0x00000000        0x0 C:/Program Files (x86)/Atmel/Studio/7.0/Packs/atmel/ATmega_DFP/1.7.374/gcc/dev/atmega32/avr5/crtatmega32.o
 .bss           0x00000000        0x0 C:/Program Files (x86)/Atmel/Studio/7.0/Packs/atmel/ATmega_DFP/1.7.374/gcc/dev/atmega32/avr5/crtatmega32.o
 .text          0x00000000        0x0 Application/Application.o
 .data          0x00000000        0x0 Application/Application.o
 .bss           0x00000000        0x0 Application/Application.o
 .text          0x00000000        0x0 HAL/LCD Driver/LCD.o
 .data          0x00000000        0x0 HAL/LCD Driver/LCD.o
 .bss           0x00000000        0x0 HAL/LCD Driver/LCD.o
 .text.LCD_writeNumber
                0x00000000      0x184 HAL/LCD Driver/LCD.o
 .progmem.gcc_sw_table.LCD_writeNumber
                0x00000000       0x14 HAL/LCD Driver/LCD.o
 .text          0x00000000        0x0 main.o
 .data          0x00000000        0x0 main.o
 .bss           0x00000000        0x0 main.o
 .text          0x00000000        0x0 MCAL/DIO Driver/DIO.o
 .data          0x00000000        0x0 MCAL/DIO Driver/DIO.o
 .bss           0x00000000        0x0 MCAL/DIO Driver/DIO.o
 .text.DIO_getPin
                0x00000000       0x62 MCAL/DIO Driver/DIO.o
 .text.DIO_toglePin
                0x00000000       0x74 MCAL/DIO Driver/DIO.o
 .text.DIO_setPortDirection
                0x00000000       0x2c MCAL/DIO Driver/DIO.o
 .text.DIO_setPortValue
                0x00000000       0x2c MCAL/DIO Driver/DIO.o
 .text.DIO_pullUp
                0x00000000       0x9c MCAL/DIO Driver/DIO.o
 .text          0x00000000        0x0 MCAL/Interrupt Driver/INTERRUPT.o
 .data          0x00000000        0x0 MCAL/Interrupt Driver/INTERRUPT.o
 .bss           0x00000000        0x0 MCAL/Interrupt Driver/INTERRUPT.o
 .text.Enable_INT
                0x00000000        0xa MCAL/Interrupt Driver/INTERRUPT.o
 .text.Enable_INT0
                0x00000000       0x38 MCAL/Interrupt Driver/INTERRUPT.o
 .text.Enable_INT1
                0x00000000       0x38 MCAL/Interrupt Driver/INTERRUPT.o
 .text.Enable_INT2
                0x00000000       0x2c MCAL/Interrupt Driver/INTERRUPT.o
 .debug_info    0x00000000      0x14a MCAL/Interrupt Driver/INTERRUPT.o
 .debug_abbrev  0x00000000       0xb0 MCAL/Interrupt Driver/INTERRUPT.o
 .debug_loc     0x00000000       0xf9 MCAL/Interrupt Driver/INTERRUPT.o
 .debug_aranges
                0x00000000       0x38 MCAL/Interrupt Driver/INTERRUPT.o
 .debug_ranges  0x00000000       0x28 MCAL/Interrupt Driver/INTERRUPT.o
 .debug_line    0x00000000      0x1f3 MCAL/Interrupt Driver/INTERRUPT.o
 .debug_str     0x00000000      0x1f6 MCAL/Interrupt Driver/INTERRUPT.o
 .comment       0x00000000       0x31 MCAL/Interrupt Driver/INTERRUPT.o
 .debug_frame   0x00000000       0x54 MCAL/Interrupt Driver/INTERRUPT.o
 .text          0x00000000        0x0 MCAL/Timers Drivers/Timer0 Driver/timer0.o
 .data          0x00000000        0x0 MCAL/Timers Drivers/Timer0 Driver/timer0.o
 .bss           0x00000000        0x0 MCAL/Timers Drivers/Timer0 Driver/timer0.o
 .text.TIMER0_init
                0x00000000       0xce MCAL/Timers Drivers/Timer0 Driver/timer0.o
 .text.TIMER0_start
                0x00000000       0xa0 MCAL/Timers Drivers/Timer0 Driver/timer0.o
 .progmem.gcc_sw_table.TIMER0_start
                0x00000000       0x10 MCAL/Timers Drivers/Timer0 Driver/timer0.o
 .text.TIMER0_stop
                0x00000000        0x8 MCAL/Timers Drivers/Timer0 Driver/timer0.o
 .text.TIMER0_Get_FlagStatus
                0x00000000       0x2a MCAL/Timers Drivers/Timer0 Driver/timer0.o
 .text.TIMER0_Flag_Reset
                0x00000000       0x24 MCAL/Timers Drivers/Timer0 Driver/timer0.o
 .text.TIMER0_Get_Ticktime
                0x00000000        0xa MCAL/Timers Drivers/Timer0 Driver/timer0.o
 .text.TIMER0_Reset
                0x00000000        0x6 MCAL/Timers Drivers/Timer0 Driver/timer0.o
 .text.TIMER0_SecDelay_config
                0x00000000       0x12 MCAL/Timers Drivers/Timer0 Driver/timer0.o
 .text.TIMER0_SecDelay
                0x00000000       0x5a MCAL/Timers Drivers/Timer0 Driver/timer0.o
 .debug_info    0x00000000      0x356 MCAL/Timers Drivers/Timer0 Driver/timer0.o
 .debug_abbrev  0x00000000      0x154 MCAL/Timers Drivers/Timer0 Driver/timer0.o
 .debug_loc     0x00000000      0x2ef MCAL/Timers Drivers/Timer0 Driver/timer0.o
 .debug_aranges
                0x00000000       0x60 MCAL/Timers Drivers/Timer0 Driver/timer0.o
 .debug_ranges  0x00000000       0x50 MCAL/Timers Drivers/Timer0 Driver/timer0.o
 .debug_line    0x00000000      0x47a MCAL/Timers Drivers/Timer0 Driver/timer0.o
 .debug_str     0x00000000      0x2d1 MCAL/Timers Drivers/Timer0 Driver/timer0.o
 .comment       0x00000000       0x31 MCAL/Timers Drivers/Timer0 Driver/timer0.o
 .debug_frame   0x00000000       0xc4 MCAL/Timers Drivers/Timer0 Driver/timer0.o
 .text          0x00000000        0x0 MCAL/Timers Drivers/Timer1 Driver/timer1.o
 .data          0x00000000        0x0 MCAL/Timers Drivers/Timer1 Driver/timer1.o
 .bss           0x00000000        0x0 MCAL/Timers Drivers/Timer1 Driver/timer1.o
 .text.TIMER1_stop
                0x00000000        0x8 MCAL/Timers Drivers/Timer1 Driver/timer1.o
 .text.TIMER1_Get_FlagStatus
                0x00000000       0x2e MCAL/Timers Drivers/Timer1 Driver/timer1.o
 .text.TIMER1_Get_Ticktime
                0x00000000        0xc MCAL/Timers Drivers/Timer1 Driver/timer1.o
 .text          0x00000000        0x0 MCAL/Timers Drivers/Timer2 Driver/timer2.o
 .data          0x00000000        0x0 MCAL/Timers Drivers/Timer2 Driver/timer2.o
 .bss           0x00000000        0x0 MCAL/Timers Drivers/Timer2 Driver/timer2.o
 .text.TIMER2_init
                0x00000000       0xce MCAL/Timers Drivers/Timer2 Driver/timer2.o
 .text.TIMER2_start
                0x00000000       0xa0 MCAL/Timers Drivers/Timer2 Driver/timer2.o
 .progmem.gcc_sw_table.TIMER2_start
                0x00000000       0x10 MCAL/Timers Drivers/Timer2 Driver/timer2.o
 .text.TIMER2_stop
                0x00000000        0x8 MCAL/Timers Drivers/Timer2 Driver/timer2.o
 .text.TIMER2_Get_FlagStatus
                0x00000000       0x30 MCAL/Timers Drivers/Timer2 Driver/timer2.o
 .text.TIMER2_Flag_Reset
                0x00000000       0x24 MCAL/Timers Drivers/Timer2 Driver/timer2.o
 .text.TIMER2_Reset
                0x00000000        0x6 MCAL/Timers Drivers/Timer2 Driver/timer2.o
 .text.TIMER2_Get_Ticktime
                0x00000000        0xa MCAL/Timers Drivers/Timer2 Driver/timer2.o
 .debug_info    0x00000000      0x250 MCAL/Timers Drivers/Timer2 Driver/timer2.o
 .debug_abbrev  0x00000000       0xe4 MCAL/Timers Drivers/Timer2 Driver/timer2.o
 .debug_loc     0x00000000      0x229 MCAL/Timers Drivers/Timer2 Driver/timer2.o
 .debug_aranges
                0x00000000       0x50 MCAL/Timers Drivers/Timer2 Driver/timer2.o
 .debug_ranges  0x00000000       0x40 MCAL/Timers Drivers/Timer2 Driver/timer2.o
 .debug_line    0x00000000      0x3e0 MCAL/Timers Drivers/Timer2 Driver/timer2.o
 .debug_str     0x00000000      0x2b0 MCAL/Timers Drivers/Timer2 Driver/timer2.o
 .comment       0x00000000       0x31 MCAL/Timers Drivers/Timer2 Driver/timer2.o
 .debug_frame   0x00000000       0x84 MCAL/Timers Drivers/Timer2 Driver/timer2.o
 .text          0x00000000        0x0 MCAL/USART/USART.o
 .data          0x00000000        0x0 MCAL/USART/USART.o
 .bss           0x00000000        0x0 MCAL/USART/USART.o
 .text.UART_TxChar
                0x00000000        0x8 MCAL/USART/USART.o
 .text.UART_RxChar
                0x00000000        0x8 MCAL/USART/USART.o
 .text.UART_SendString
                0x00000000       0x26 MCAL/USART/USART.o
 .text          0x00000000        0x0 c:/program files (x86)/atmel/studio/7.0/toolchain/avr8/avr8-gnu-toolchain/bin/../lib/gcc/avr/5.4.0/avr5\libgcc.a(_exit.o)
 .data          0x00000000        0x0 c:/program files (x86)/atmel/studio/7.0/toolchain/avr8/avr8-gnu-toolchain/bin/../lib/gcc/avr/5.4.0/avr5\libgcc.a(_exit.o)
 .bss           0x00000000        0x0 c:/program files (x86)/atmel/studio/7.0/toolchain/avr8/avr8-gnu-toolchain/bin/../lib/gcc/avr/5.4.0/avr5\libgcc.a(_exit.o)
 .text.libgcc.mul
                0x00000000        0x0 c:/program files (x86)/atmel/studio/7.0/toolchain/avr8/avr8-gnu-toolchain/bin/../lib/gcc/avr/5.4.0/avr5\libgcc.a(_exit.o)
 .text.libgcc.div
                0x00000000        0x0 c:/program files (x86)/atmel/studio/7.0/toolchain/avr8/avr8-gnu-toolchain/bin/../lib/gcc/avr/5.4.0/avr5\libgcc.a(_exit.o)
 .text.libgcc   0x00000000        0x0 c:/program files (x86)/atmel/studio/7.0/toolchain/avr8/avr8-gnu-toolchain/bin/../lib/gcc/avr/5.4.0/avr5\libgcc.a(_exit.o)
 .text.libgcc.prologue
                0x00000000        0x0 c:/program files (x86)/atmel/studio/7.0/toolchain/avr8/avr8-gnu-toolchain/bin/../lib/gcc/avr/5.4.0/avr5\libgcc.a(_exit.o)
 .text.libgcc.builtins
                0x00000000        0x0 c:/program files (x86)/atmel/studio/7.0/toolchain/avr8/avr8-gnu-toolchain/bin/../lib/gcc/avr/5.4.0/avr5\libgcc.a(_exit.o)
 .text.libgcc.fmul
                0x00000000        0x0 c:/program files (x86)/atmel/studio/7.0/toolchain/avr8/avr8-gnu-toolchain/bin/../lib/gcc/avr/5.4.0/avr5\libgcc.a(_exit.o)
 .text.libgcc.fixed
                0x00000000        0x0 c:/program files (x86)/atmel/studio/7.0/toolchain/avr8/avr8-gnu-toolchain/bin/../lib/gcc/avr/5.4.0/avr5\libgcc.a(_exit.o)
 .text          0x00000000        0x0 c:/program files (x86)/atmel/studio/7.0/toolchain/avr8/avr8-gnu-toolchain/bin/../lib/gcc/avr/5.4.0/avr5\libgcc.a(_tablejump2.o)
 .data          0x00000000        0x0 c:/program files (x86)/atmel/studio/7.0/toolchain/avr8/avr8-gnu-toolchain/bin/../lib/gcc/avr/5.4.0/avr5\libgcc.a(_tablejump2.o)
 .bss           0x00000000        0x0 c:/program files (x86)/atmel/studio/7.0/toolchain/avr8/avr8-gnu-toolchain/bin/../lib/gcc/avr/5.4.0/avr5\libgcc.a(_tablejump2.o)
 .text.libgcc.mul
                0x00000000        0x0 c:/program files (x86)/atmel/studio/7.0/toolchain/avr8/avr8-gnu-toolchain/bin/../lib/gcc/avr/5.4.0/avr5\libgcc.a(_tablejump2.o)
 .text.libgcc.div
                0x00000000        0x0 c:/program files (x86)/atmel/studio/7.0/toolchain/avr8/avr8-gnu-toolchain/bin/../lib/gcc/avr/5.4.0/avr5\libgcc.a(_tablejump2.o)
 .text.libgcc.prologue
                0x00000000        0x0 c:/program files (x86)/atmel/studio/7.0/toolchain/avr8/avr8-gnu-toolchain/bin/../lib/gcc/avr/5.4.0/avr5\libgcc.a(_tablejump2.o)
 .text.libgcc.builtins
                0x00000000        0x0 c:/program files (x86)/atmel/studio/7.0/toolchain/avr8/avr8-gnu-toolchain/bin/../lib/gcc/avr/5.4.0/avr5\libgcc.a(_tablejump2.o)
 .text.libgcc.fmul
                0x00000000        0x0 c:/program files (x86)/atmel/studio/7.0/toolchain/avr8/avr8-gnu-toolchain/bin/../lib/gcc/avr/5.4.0/avr5\libgcc.a(_tablejump2.o)
 .text.libgcc.fixed
                0x00000000        0x0 c:/program files (x86)/atmel/studio/7.0/toolchain/avr8/avr8-gnu-toolchain/bin/../lib/gcc/avr/5.4.0/avr5\libgcc.a(_tablejump2.o)
 .text          0x00000000        0x0 c:/program files (x86)/atmel/studio/7.0/toolchain/avr8/avr8-gnu-toolchain/bin/../lib/gcc/avr/5.4.0/avr5\libgcc.a(_copy_data.o)
 .data          0x00000000        0x0 c:/program files (x86)/atmel/studio/7.0/toolchain/avr8/avr8-gnu-toolchain/bin/../lib/gcc/avr/5.4.0/avr5\libgcc.a(_copy_data.o)
 .bss           0x00000000        0x0 c:/program files (x86)/atmel/studio/7.0/toolchain/avr8/avr8-gnu-toolchain/bin/../lib/gcc/avr/5.4.0/avr5\libgcc.a(_copy_data.o)
 .text.libgcc.mul
                0x00000000        0x0 c:/program files (x86)/atmel/studio/7.0/toolchain/avr8/avr8-gnu-toolchain/bin/../lib/gcc/avr/5.4.0/avr5\libgcc.a(_copy_data.o)
 .text.libgcc.div
                0x00000000        0x0 c:/program files (x86)/atmel/studio/7.0/toolchain/avr8/avr8-gnu-toolchain/bin/../lib/gcc/avr/5.4.0/avr5\libgcc.a(_copy_data.o)
 .text.libgcc   0x00000000        0x0 c:/program files (x86)/atmel/studio/7.0/toolchain/avr8/avr8-gnu-toolchain/bin/../lib/gcc/avr/5.4.0/avr5\libgcc.a(_copy_data.o)
 .text.libgcc.prologue
                0x00000000        0x0 c:/program files (x86)/atmel/studio/7.0/toolchain/avr8/avr8-gnu-toolchain/bin/../lib/gcc/avr/5.4.0/avr5\libgcc.a(_copy_data.o)
 .text.libgcc.builtins
                0x00000000        0x0 c:/program files (x86)/atmel/studio/7.0/toolchain/avr8/avr8-gnu-toolchain/bin/../lib/gcc/avr/5.4.0/avr5\libgcc.a(_copy_data.o)
 .text.libgcc.fmul
                0x00000000        0x0 c:/program files (x86)/atmel/studio/7.0/toolchain/avr8/avr8-gnu-toolchain/bin/../lib/gcc/avr/5.4.0/avr5\libgcc.a(_copy_data.o)
 .text.libgcc.fixed
                0x00000000        0x0 c:/program files (x86)/atmel/studio/7.0/toolchain/avr8/avr8-gnu-toolchain/bin/../lib/gcc/avr/5.4.0/avr5\libgcc.a(_copy_data.o)
 .text          0x00000000        0x0 c:/program files (x86)/atmel/studio/7.0/toolchain/avr8/avr8-gnu-toolchain/bin/../lib/gcc/avr/5.4.0/avr5\libgcc.a(_clear_bss.o)
 .data          0x00000000        0x0 c:/program files (x86)/atmel/studio/7.0/toolchain/avr8/avr8-gnu-toolchain/bin/../lib/gcc/avr/5.4.0/avr5\libgcc.a(_clear_bss.o)
 .bss           0x00000000        0x0 c:/program files (x86)/atmel/studio/7.0/toolchain/avr8/avr8-gnu-toolchain/bin/../lib/gcc/avr/5.4.0/avr5\libgcc.a(_clear_bss.o)
 .text.libgcc.mul
                0x00000000        0x0 c:/program files (x86)/atmel/studio/7.0/toolchain/avr8/avr8-gnu-toolchain/bin/../lib/gcc/avr/5.4.0/avr5\libgcc.a(_clear_bss.o)
 .text.libgcc.div
                0x00000000        0x0 c:/program files (x86)/atmel/studio/7.0/toolchain/avr8/avr8-gnu-toolchain/bin/../lib/gcc/avr/5.4.0/avr5\libgcc.a(_clear_bss.o)
 .text.libgcc   0x00000000        0x0 c:/program files (x86)/atmel/studio/7.0/toolchain/avr8/avr8-gnu-toolchain/bin/../lib/gcc/avr/5.4.0/avr5\libgcc.a(_clear_bss.o)
 .text.libgcc.prologue
                0x00000000        0x0 c:/program files (x86)/atmel/studio/7.0/toolchain/avr8/avr8-gnu-toolchain/bin/../lib/gcc/avr/5.4.0/avr5\libgcc.a(_clear_bss.o)
 .text.libgcc.builtins
                0x00000000        0x0 c:/program files (x86)/atmel/studio/7.0/toolchain/avr8/avr8-gnu-toolchain/bin/../lib/gcc/avr/5.4.0/avr5\libgcc.a(_clear_bss.o)
 .text.libgcc.fmul
                0x00000000        0x0 c:/program files (x86)/atmel/studio/7.0/toolchain/avr8/avr8-gnu-toolchain/bin/../lib/gcc/avr/5.4.0/avr5\libgcc.a(_clear_bss.o)
 .text.libgcc.fixed
                0x00000000        0x0 c:/program files (x86)/atmel/studio/7.0/toolchain/avr8/avr8-gnu-toolchain/bin/../lib/gcc/avr/5.4.0/avr5\libgcc.a(_clear_bss.o)
 .text          0x00000000        0x0 c:/program files (x86)/atmel/studio/7.0/toolchain/avr8/avr8-gnu-toolchain/bin/../lib/gcc/avr/5.4.0/avr5\libgcc.a(_udivdi3.o)
 .data          0x00000000        0x0 c:/program files (x86)/atmel/studio/7.0/toolchain/avr8/avr8-gnu-toolchain/bin/../lib/gcc/avr/5.4.0/avr5\libgcc.a(_udivdi3.o)
 .bss           0x00000000        0x0 c:/program files (x86)/atmel/studio/7.0/toolchain/avr8/avr8-gnu-toolchain/bin/../lib/gcc/avr/5.4.0/avr5\libgcc.a(_udivdi3.o)
 .text.libgcc.mul
                0x00000000        0x0 c:/program files (x86)/atmel/studio/7.0/toolchain/avr8/avr8-gnu-toolchain/bin/../lib/gcc/avr/5.4.0/avr5\libgcc.a(_udivdi3.o)
 .text.libgcc.div
                0x00000000       0x1c c:/program files (x86)/atmel/studio/7.0/toolchain/avr8/avr8-gnu-toolchain/bin/../lib/gcc/avr/5.4.0/avr5\libgcc.a(_udivdi3.o)
 .text.libgcc   0x00000000        0x0 c:/program files (x86)/atmel/studio/7.0/toolchain/avr8/avr8-gnu-toolchain/bin/../lib/gcc/avr/5.4.0/avr5\libgcc.a(_udivdi3.o)
 .text.libgcc.prologue
                0x00000000        0x0 c:/program files (x86)/atmel/studio/7.0/toolchain/avr8/avr8-gnu-toolchain/bin/../lib/gcc/avr/5.4.0/avr5\libgcc.a(_udivdi3.o)
 .text.libgcc.builtins
                0x00000000        0x0 c:/program files (x86)/atmel/studio/7.0/toolchain/avr8/avr8-gnu-toolchain/bin/../lib/gcc/avr/5.4.0/avr5\libgcc.a(_udivdi3.o)
 .text.libgcc.fmul
                0x00000000        0x0 c:/program files (x86)/atmel/studio/7.0/toolchain/avr8/avr8-gnu-toolchain/bin/../lib/gcc/avr/5.4.0/avr5\libgcc.a(_udivdi3.o)
 .text.libgcc.fixed
                0x00000000        0x0 c:/program files (x86)/atmel/studio/7.0/toolchain/avr8/avr8-gnu-toolchain/bin/../lib/gcc/avr/5.4.0/avr5\libgcc.a(_udivdi3.o)
 .text          0x00000000        0x0 c:/program files (x86)/atmel/studio/7.0/toolchain/avr8/avr8-gnu-toolchain/bin/../lib/gcc/avr/5.4.0/avr5\libgcc.a(_udivmod64.o)
 .data          0x00000000        0x0 c:/program files (x86)/atmel/studio/7.0/toolchain/avr8/avr8-gnu-toolchain/bin/../lib/gcc/avr/5.4.0/avr5\libgcc.a(_udivmod64.o)
 .bss           0x00000000        0x0 c:/program files (x86)/atmel/studio/7.0/toolchain/avr8/avr8-gnu-toolchain/bin/../lib/gcc/avr/5.4.0/avr5\libgcc.a(_udivmod64.o)
 .text.libgcc.mul
                0x00000000        0x0 c:/program files (x86)/atmel/studio/7.0/toolchain/avr8/avr8-gnu-toolchain/bin/../lib/gcc/avr/5.4.0/avr5\libgcc.a(_udivmod64.o)
 .text.libgcc.div
                0x00000000       0xa2 c:/program files (x86)/atmel/studio/7.0/toolchain/avr8/avr8-gnu-toolchain/bin/../lib/gcc/avr/5.4.0/avr5\libgcc.a(_udivmod64.o)
 .text.libgcc   0x00000000        0x0 c:/program files (x86)/atmel/studio/7.0/toolchain/avr8/avr8-gnu-toolchain/bin/../lib/gcc/avr/5.4.0/avr5\libgcc.a(_udivmod64.o)
 .text.libgcc.prologue
                0x00000000        0x0 c:/program files (x86)/atmel/studio/7.0/toolchain/avr8/avr8-gnu-toolchain/bin/../lib/gcc/avr/5.4.0/avr5\libgcc.a(_udivmod64.o)
 .text.libgcc.builtins
                0x00000000        0x0 c:/program files (x86)/atmel/studio/7.0/toolchain/avr8/avr8-gnu-toolchain/bin/../lib/gcc/avr/5.4.0/avr5\libgcc.a(_udivmod64.o)
 .text.libgcc.fmul
                0x00000000        0x0 c:/program files (x86)/atmel/studio/7.0/toolchain/avr8/avr8-gnu-toolchain/bin/../lib/gcc/avr/5.4.0/avr5\libgcc.a(_udivmod64.o)
 .text.libgcc.fixed
                0x00000000        0x0 c:/program files (x86)/atmel/studio/7.0/toolchain/avr8/avr8-gnu-toolchain/bin/../lib/gcc/avr/5.4.0/avr5\libgcc.a(_udivmod64.o)
 .text          0x00000000        0x0 c:/program files (x86)/atmel/studio/7.0/toolchain/avr8/avr8-gnu-toolchain/bin/../lib/gcc/avr/5.4.0/avr5\libgcc.a(_cmpdi2_s8.o)
 .data          0x00000000        0x0 c:/program files (x86)/atmel/studio/7.0/toolchain/avr8/avr8-gnu-toolchain/bin/../lib/gcc/avr/5.4.0/avr5\libgcc.a(_cmpdi2_s8.o)
 .bss           0x00000000        0x0 c:/program files (x86)/atmel/studio/7.0/toolchain/avr8/avr8-gnu-toolchain/bin/../lib/gcc/avr/5.4.0/avr5\libgcc.a(_cmpdi2_s8.o)
 .text.libgcc.mul
                0x00000000        0x0 c:/program files (x86)/atmel/studio/7.0/toolchain/avr8/avr8-gnu-toolchain/bin/../lib/gcc/avr/5.4.0/avr5\libgcc.a(_cmpdi2_s8.o)
 .text.libgcc.div
                0x00000000        0x0 c:/program files (x86)/atmel/studio/7.0/toolchain/avr8/avr8-gnu-toolchain/bin/../lib/gcc/avr/5.4.0/avr5\libgcc.a(_cmpdi2_s8.o)
 .text.libgcc   0x00000000       0x18 c:/program files (x86)/atmel/studio/7.0/toolchain/avr8/avr8-gnu-toolchain/bin/../lib/gcc/avr/5.4.0/avr5\libgcc.a(_cmpdi2_s8.o)
 .text.libgcc.prologue
                0x00000000        0x0 c:/program files (x86)/atmel/studio/7.0/toolchain/avr8/avr8-gnu-toolchain/bin/../lib/gcc/avr/5.4.0/avr5\libgcc.a(_cmpdi2_s8.o)
 .text.libgcc.builtins
                0x00000000        0x0 c:/program files (x86)/atmel/studio/7.0/toolchain/avr8/avr8-gnu-toolchain/bin/../lib/gcc/avr/5.4.0/avr5\libgcc.a(_cmpdi2_s8.o)
 .text.libgcc.fmul
                0x00000000        0x0 c:/program files (x86)/atmel/studio/7.0/toolchain/avr8/avr8-gnu-toolchain/bin/../lib/gcc/avr/5.4.0/avr5\libgcc.a(_cmpdi2_s8.o)
 .text.libgcc.fixed
                0x00000000        0x0 c:/program files (x86)/atmel/studio/7.0/toolchain/avr8/avr8-gnu-toolchain/bin/../lib/gcc/avr/5.4.0/avr5\libgcc.a(_cmpdi2_s8.o)

Memory Configuration

Name             Origin             Length             Attributes
text             0x00000000         0x00008000         xr
data             0x00800060         0x00000800         rw !x
eeprom           0x00810000         0x00000400         rw !x
fuse             0x00820000         0x00000002         rw !x
lock             0x00830000         0x00000400         rw !x
signature        0x00840000         0x00000400         rw !x
user_signatures  0x00850000         0x00000400         rw !x
*default*        0x00000000         0xffffffff

Linker script and memory map

LOAD C:/Program Files (x86)/Atmel/Studio/7.0/Packs/atmel/ATmega_DFP/1.7.374/gcc/dev/atmega32/avr5/crtatmega32.o
LOAD Application/Application.o
LOAD HAL/LCD Driver/LCD.o
LOAD main.o
LOAD MCAL/DIO Driver/DIO.o
LOAD MCAL/Interrupt Driver/INTERRUPT.o
LOAD MCAL/Timers Drivers/Timer0 Driver/timer0.o
LOAD MCAL/Timers Drivers/Timer1 Driver/timer1.o
LOAD MCAL/Timers Drivers/Timer2 Driver/timer2.o
LOAD MCAL/USART/USART.o
START GROUP
LOAD c:/program files (x86)/atmel/studio/7.0/toolchain/avr8/avr8-gnu-toolchain/bin/../lib/gcc/avr/5.4.0/../../../../avr/lib/avr5\libm.a
END GROUP
START GROUP
LOAD c:/program files (x86)/atmel/studio/7.0/toolchain/avr8/avr8-gnu-toolchain/bin/../lib/gcc/avr/5.4.0/avr5\libgcc.a
LOAD c:/program files (x86)/atmel/studio/7.0/toolchain/avr8/avr8-gnu-toolchain/bin/../lib/gcc/avr/5.4.0/../../../../avr/lib/avr5\libm.a
LOAD c:/program files (x86)/atmel/studio/7.0/toolchain/avr8/avr8-gnu-toolchain/bin/../lib/gcc/avr/5.4.0/../../../../avr/lib/avr5\libc.a
LOAD C:/Program Files (x86)/Atmel/Studio/7.0/Packs/atmel/ATmega_DFP/1.7.374/gcc/dev/atmega32/avr5\libatmega32.a
END GROUP
                0x00000000                __TEXT_REGION_ORIGIN__ = DEFINED (__TEXT_REGION_ORIGIN__)?__TEXT_REGION_ORIGIN__:0x0
                [0x00800060]                __DATA_REGION_ORIGIN__ = DEFINED (__DATA_REGION_ORIGIN__)?__DATA_REGION_ORIGIN__:0x800060
                [0x00008000]                __TEXT_REGION_LENGTH__ = DEFINED (__TEXT_REGION_LENGTH__)?__TEXT_REGION_LENGTH__:0x20000
                [0x00000800]                __DATA_REGION_LENGTH__ = DEFINED (__DATA_REGION_LENGTH__)?__DATA_REGION_LENGTH__:0xffa0
                [0x00000400]                __EEPROM_REGION_LENGTH__ = DEFINED (__EEPROM_REGION_LENGTH__)?__EEPROM_REGION_LENGTH__:0x10000
                [0x00000002]                __FUSE_REGION_LENGTH__ = DEFINED (__FUSE_REGION_LENGTH__)?__FUSE_REGION_LENGTH__:0x400
                0x00000400                __LOCK_REGION_LENGTH__ = DEFINED (__LOCK_REGION_LENGTH__)?__LOCK_REGION_LENGTH__:0x400
                0x00000400                __SIGNATURE_REGION_LENGTH__ = DEFINED (__SIGNATURE_REGION_LENGTH__)?__SIGNATURE_REGION_LENGTH__:0x400
                0x00000400                __USER_SIGNATURE_REGION_LENGTH__ = DEFINED (__USER_SIGNATURE_REGION_LENGTH__)?__USER_SIGNATURE_REGION_LENGTH__:0x400

.hash
 *(.hash)

.dynsym
 *(.dynsym)

.dynstr
 *(.dynstr)

.gnu.version
 *(.gnu.version)

.gnu.version_d
 *(.gnu.version_d)

.gnu.version_r
 *(.gnu.version_r)

.rel.init
 *(.rel.init)

.rela.init
 *(.rela.init)

.rel.text
 *(.rel.text)
 *(.rel.text.*)
 *(.rel.gnu.linkonce.t*)

.rela.text
 *(.rela.text)
 *(.rela.text.*)
 *(.rela.gnu.linkonce.t*)

.rel.fini
 *(.rel.fini)

.rela.fini
 *(.rela.fini)

.rel.rodata
 *(.rel.rodata)
 *(.rel.rodata.*)
 *(.rel.gnu.linkonce.r*)

.rela.rodata
 *(.rela.rodata)
 *(.rela.rodata.*)
 *(.rela.gnu.linkonce.r*)

.rel.data
 *(.rel.data)
 *(.rel.data.*)
 *(.rel.gnu.linkonce.d*)

.rela.data
 *(.rela.data)
 *(.rela.data.*)
 *(.rela.gnu.linkonce.d*)

.rel.ctors
 *(.rel.ctors)

.rela.ctors
 *(.rela.ctors)

.rel.dtors
 *(.rel.dtors)

.rela.dtors
 *(.rela.dtors)

.rel.got
 *(.rel.got)

.rela.got
 *(.rela.got)

.rel.bss
 *(.rel.bss)

.rela.bss
 *(.rela.bss)

.rel.plt
 *(.rel.plt)

.rela.plt
 *(.rela.plt)

.text           0x00000000      0x8c2
 *(.vectors)
 .vectors       0x00000000       0x54 C:/Program Files (x86)/Atmel/Studio/7.0/Packs/atmel/ATmega_DFP/1.7.374/gcc/dev/atmega32/avr5/crtatmega32.o
                0x00000000                __vector_default
                0x00000000                __vectors
 *(.vectors)
 *(.progmem.gcc*)
 .progmem.gcc_sw_table.TIMER1_start
                0x00000054       0x10 MCAL/Timers Drivers/Timer1 Driver/timer1.o
                0x00000064                . = ALIGN (0x2)
                0x00000064                __trampolines_start = .
 *(.trampolines)
 .trampolines   0x00000064        0x0 linker stubs
 *(.trampolines*)
                0x00000064                __trampolines_end = .
 *libprintf_flt.a:*(.progmem.data)
 *libc.a:*(.progmem.data)
 *(.progmem*)
                0x00000064                . = ALIGN (0x2)
 *(.jumptables)
 *(.jumptables*)
 *(.lowtext)
 *(.lowtext*)
                0x00000064                __ctors_start = .
 *(.ctors)
                0x00000064                __ctors_end = .
                0x00000064                __dtors_start = .
 *(.dtors)
                0x00000064                __dtors_end = .
 SORT(*)(.ctors)
 SORT(*)(.dtors)
 *(.init0)
 .init0         0x00000064        0x0 C:/Program Files (x86)/Atmel/Studio/7.0/Packs/atmel/ATmega_DFP/1.7.374/gcc/dev/atmega32/avr5/crtatmega32.o
                0x00000064                __init
 *(.init0)
 *(.init1)
 *(.init1)
 *(.init2)
 .init2         0x00000064        0xc C:/Program Files (x86)/Atmel/Studio/7.0/Packs/atmel/ATmega_DFP/1.7.374/gcc/dev/atmega32/avr5/crtatmega32.o
 *(.init2)
 *(.init3)
 *(.init3)
 *(.init4)
 .init4         0x00000070       0x16 c:/program files (x86)/atmel/studio/7.0/toolchain/avr8/avr8-gnu-toolchain/bin/../lib/gcc/avr/5.4.0/avr5\libgcc.a(_copy_data.o)
                0x00000070                __do_copy_data
 .init4         0x00000086       0x10 c:/program files (x86)/atmel/studio/7.0/toolchain/avr8/avr8-gnu-toolchain/bin/../lib/gcc/avr/5.4.0/avr5\libgcc.a(_clear_bss.o)
                0x00000086                __do_clear_bss
 *(.init4)
 *(.init5)
 *(.init5)
 *(.init6)
 *(.init6)
 *(.init7)
 *(.init7)
 *(.init8)
 *(.init8)
 *(.init9)
 .init9         0x00000096        0x8 C:/Program Files (x86)/Atmel/Studio/7.0/Packs/atmel/ATmega_DFP/1.7.374/gcc/dev/atmega32/avr5/crtatmega32.o
 *(.init9)
 *(.text)
 .text          0x0000009e        0x4 C:/Program Files (x86)/Atmel/Studio/7.0/Packs/atmel/ATmega_DFP/1.7.374/gcc/dev/atmega32/avr5/crtatmega32.o
                0x0000009e                __vector_1
                0x0000009e                __vector_12
                0x0000009e                __bad_interrupt
                0x0000009e                __vector_6
                0x0000009e                __vector_3
                0x0000009e                __vector_11
                0x0000009e                __vector_17
                0x0000009e                __vector_19
                0x0000009e                __vector_5
                0x0000009e                __vector_4
                0x0000009e                __vector_9
                0x0000009e                __vector_2
                0x0000009e                __vector_15
                0x0000009e                __vector_8
                0x0000009e                __vector_14
                0x0000009e                __vector_10
                0x0000009e                __vector_16
                0x0000009e                __vector_18
                0x0000009e                __vector_20
                0x000000a2                . = ALIGN (0x2)
 *(.text.*)
 .text.app_init
                0x000000a2       0x14 Application/Application.o
                0x000000a2                app_init
 .text.app_start
                0x000000b6        0x2 Application/Application.o
                0x000000b6                app_start
 .text.__vector_7
                0x000000b8       0xa4 Application/Application.o
                0x000000b8                __vector_7
 .text.__vector_13
                0x0000015c       0x52 Application/Application.o
                0x0000015c                __vector_13
 .text.LCD_sendCommand
                0x000001ae       0xda HAL/LCD Driver/LCD.o
                0x000001ae                LCD_sendCommand
 .text.LCD_Init
                0x00000288       0xb4 HAL/LCD Driver/LCD.o
                0x00000288                LCD_Init
 .text.LCD_writeData
                0x0000033c       0xda HAL/LCD Driver/LCD.o
                0x0000033c                LCD_writeData
 .text.LCD_writeChar
                0x00000416        0x6 HAL/LCD Driver/LCD.o
                0x00000416                LCD_writeChar
 .text.LCD_writeString
                0x0000041c       0x26 HAL/LCD Driver/LCD.o
                0x0000041c                LCD_writeString
 .text.LCD_GOTO
                0x00000442       0x26 HAL/LCD Driver/LCD.o
                0x00000442                LCD_GOTO
 .text.main     0x00000468        0xa main.o
                0x00000468                main
 .text.DIO_setPin
                0x00000472       0xfc MCAL/DIO Driver/DIO.o
                0x00000472                DIO_setPin
 .text.DIO_setPinDirection
                0x0000056e       0xfc MCAL/DIO Driver/DIO.o
                0x0000056e                DIO_setPinDirection
 .text.TIMER1_init
                0x0000066a       0xf4 MCAL/Timers Drivers/Timer1 Driver/timer1.o
                0x0000066a                TIMER1_init
 .text.TIMER1_start
                0x0000075e       0xcc MCAL/Timers Drivers/Timer1 Driver/timer1.o
                0x0000075e                TIMER1_start
 .text.TIMER1_Flag_Reset
                0x0000082a       0x24 MCAL/Timers Drivers/Timer1 Driver/timer1.o
                0x0000082a                TIMER1_Flag_Reset
 .text.TIMER1_Reset
                0x0000084e        0x8 MCAL/Timers Drivers/Timer1 Driver/timer1.o
                0x0000084e                TIMER1_Reset
 .text.TIMER1_3secDelay
                0x00000856       0x30 MCAL/Timers Drivers/Timer1 Driver/timer1.o
                0x00000856                TIMER1_3secDelay
 .text.UART_init
                0x00000886       0x2c MCAL/USART/USART.o
                0x00000886                UART_init
 .text.libgcc   0x000008b2        0xc c:/program files (x86)/atmel/studio/7.0/toolchain/avr8/avr8-gnu-toolchain/bin/../lib/gcc/avr/5.4.0/avr5\libgcc.a(_tablejump2.o)
                0x000008b2                __tablejump2__
                0x000008be                . = ALIGN (0x2)
 *(.fini9)
 .fini9         0x000008be        0x0 c:/program files (x86)/atmel/studio/7.0/toolchain/avr8/avr8-gnu-toolchain/bin/../lib/gcc/avr/5.4.0/avr5\libgcc.a(_exit.o)
                0x000008be                _exit
                0x000008be                exit
 *(.fini9)
 *(.fini8)
 *(.fini8)
 *(.fini7)
 *(.fini7)
 *(.fini6)
 *(.fini6)
 *(.fini5)
 *(.fini5)
 *(.fini4)
 *(.fini4)
 *(.fini3)
 *(.fini3)
 *(.fini2)
 *(.fini2)
 *(.fini1)
 *(.fini1)
 *(.fini0)
 .fini0         0x000008be        0x4 c:/program files (x86)/atmel/studio/7.0/toolchain/avr8/avr8-gnu-toolchain/bin/../lib/gcc/avr/5.4.0/avr5\libgcc.a(_exit.o)
 *(.fini0)
                0x000008c2                _etext = .

.data           0x00800060        0xc load address 0x000008c2
                0x00800060                PROVIDE (__data_start, .)
 *(.data)
 *(.data*)
 *(.gnu.linkonce.d*)
 *(.rodata)
 *(.rodata*)
 .rodata.str1.1
                0x00800060        0xc Application/Application.o
 *(.gnu.linkonce.r*)
                0x0080006c                . = ALIGN (0x2)
                0x0080006c                _edata = .
                0x0080006c                PROVIDE (__data_end, .)

.bss            0x0080006c       0x10
                0x0080006c                PROVIDE (__bss_start, .)
 *(.bss)
 *(.bss*)
 .bss.counterRx
                0x0080006c        0x1 Application/Application.o
                0x0080006c                counterRx
 *(COMMON)
 COMMON         0x0080006d        0xf Application/Application.o
                0x0080006d                Distance
                0x00800077                Timer1APP
                0x0080007c                PROVIDE (__bss_end, .)
                0x000008c2                __data_load_start = LOADADDR (.data)
                0x000008ce                __data_load_end = (__data_load_start + SIZEOF (.data))

.noinit         0x0080007c        0x0
                [!provide]                PROVIDE (__noinit_start, .)
 *(.noinit*)
                [!provide]                PROVIDE (__noinit_end, .)
                0x0080007c                _end = .
                [!provide]                PROVIDE (__heap_start, .)

.eeprom         0x00810000        0x0
 *(.eeprom*)
                0x00810000                __eeprom_end = .

.fuse
 *(.fuse)
 *(.lfuse)
 *(.hfuse)
 *(.efuse)

.lock
 *(.lock*)

.signature
 *(.signature*)

.user_signatures
 *(.user_signatures*)

.stab
 *(.stab)

.stabstr
 *(.stabstr)

.stab.excl
 *(.stab.excl)

.stab.exclstr
 *(.stab.exclstr)

.stab.index
 *(.stab.index)

.stab.indexstr
 *(.stab.indexstr)

.comment        0x00000000       0x30
 *(.comment)
 .comment       0x00000000       0x30 Application/Application.o
                                 0x31 (size before relaxing)
 .comment       0x00000030       0x31 HAL/LCD Driver/LCD.o
 .comment       0x00000030       0x31 main.o
 .comment       0x00000030       0x31 MCAL/DIO Driver/DIO.o
 .comment       0x00000030       0x31 MCAL/Timers Drivers/Timer1 Driver/timer1.o
 .comment       0x00000030       0x31 MCAL/USART/USART.o

.note.gnu.avr.deviceinfo
                0x00000000       0x3c
 .note.gnu.avr.deviceinfo
                0x00000000       0x3c C:/Program Files (x86)/Atmel/Studio/7.0/Packs/atmel/ATmega_DFP/1.7.374/gcc/dev/atmega32/avr5/crtatmega32.o

.note.gnu.build-id
 *(.note.gnu.build-id)

.debug
 *(.debug)

.line
 *(.line)

.debug_srcinfo
 *(.debug_srcinfo)

.debug_sfnames
 *(.debug_sfnames)

.debug_aranges  0x00000000      0x188
 *(.debug_aranges)
 .debug_aranges
                0x00000000       0x38 Application/Application.o
 .debug_aranges
                0x00000038       0x50 HAL/LCD Driver/LCD.o
 .debug_aranges
                0x00000088       0x20 main.o
 .debug_aranges
                0x000000a8       0x50 MCAL/DIO Driver/DIO.o
 .debug_aranges
                0x000000f8       0x58 MCAL/Timers Drivers/Timer1 Driver/timer1.o
 .debug_aranges
                0x00000150       0x38 MCAL/USART/USART.o

.debug_pubnames
 *(.debug_pubnames)

.debug_info     0x00000000     0x1ad3
 *(.debug_info .gnu.linkonce.wi.*)
 .debug_info    0x00000000      0x4e6 C:/Program Files (x86)/Atmel/Studio/7.0/Packs/atmel/ATmega_DFP/1.7.374/gcc/dev/atmega32/avr5/crtatmega32.o
 .debug_info    0x000004e6      0x316 Application/Application.o
 .debug_info    0x000007fc      0xb29 HAL/LCD Driver/LCD.o
 .debug_info    0x00001325       0xbc main.o
 .debug_info    0x000013e1      0x2f6 MCAL/DIO Driver/DIO.o
 .debug_info    0x000016d7      0x2d4 MCAL/Timers Drivers/Timer1 Driver/timer1.o
 .debug_info    0x000019ab      0x128 MCAL/USART/USART.o

.debug_abbrev   0x00000000      0xab1
 *(.debug_abbrev)
 .debug_abbrev  0x00000000      0x4a3 C:/Program Files (x86)/Atmel/Studio/7.0/Packs/atmel/ATmega_DFP/1.7.374/gcc/dev/atmega32/avr5/crtatmega32.o
 .debug_abbrev  0x000004a3      0x137 Application/Application.o
 .debug_abbrev  0x000005da      0x1ae HAL/LCD Driver/LCD.o
 .debug_abbrev  0x00000788       0x68 main.o
 .debug_abbrev  0x000007f0       0xb4 MCAL/DIO Driver/DIO.o
 .debug_abbrev  0x000008a4      0x131 MCAL/Timers Drivers/Timer1 Driver/timer1.o
 .debug_abbrev  0x000009d5       0xdc MCAL/USART/USART.o

.debug_line     0x00000000     0x1293
 *(.debug_line .debug_line.* .debug_line_end)
 .debug_line    0x00000000      0x116 C:/Program Files (x86)/Atmel/Studio/7.0/Packs/atmel/ATmega_DFP/1.7.374/gcc/dev/atmega32/avr5/crtatmega32.o
 .debug_line    0x00000116      0x25d Application/Application.o
 .debug_line    0x00000373      0x470 HAL/LCD Driver/LCD.o
 .debug_line    0x000007e3       0x69 main.o
 .debug_line    0x0000084c      0x47b MCAL/DIO Driver/DIO.o
 .debug_line    0x00000cc7      0x451 MCAL/Timers Drivers/Timer1 Driver/timer1.o
 .debug_line    0x00001118      0x17b MCAL/USART/USART.o

.debug_frame    0x00000000      0x374
 *(.debug_frame)
 .debug_frame   0x00000000       0xc4 Application/Application.o
 .debug_frame   0x000000c4      0x104 HAL/LCD Driver/LCD.o
 .debug_frame   0x000001c8       0x24 main.o
 .debug_frame   0x000001ec       0x84 MCAL/DIO Driver/DIO.o
 .debug_frame   0x00000270       0xa0 MCAL/Timers Drivers/Timer1 Driver/timer1.o
 .debug_frame   0x00000310       0x64 MCAL/USART/USART.o

.debug_str      0x00000000      0x715
 *(.debug_str)
 .debug_str     0x00000000      0x196 C:/Program Files (x86)/Atmel/Studio/7.0/Packs/atmel/ATmega_DFP/1.7.374/gcc/dev/atmega32/avr5/crtatmega32.o
 .debug_str     0x00000196      0x292 Application/Application.o
                                0x2cb (size before relaxing)
 .debug_str     0x00000428       0xe4 HAL/LCD Driver/LCD.o
                                0x2b8 (size before relaxing)
 .debug_str     0x0000050c       0x11 main.o
                                0x1a2 (size before relaxing)
 .debug_str     0x0000051d      0x116 MCAL/DIO Driver/DIO.o
                                0x28d (size before relaxing)
 .debug_str     0x00000633       0xa4 MCAL/Timers Drivers/Timer1 Driver/timer1.o
                                0x2d5 (size before relaxing)
 .debug_str     0x000006d7       0x3e MCAL/USART/USART.o
                                0x1d8 (size before relaxing)

.debug_loc      0x00000000     0x1268
 *(.debug_loc)
 .debug_loc     0x00000000      0x167 Application/Application.o
 .debug_loc     0x00000167      0x81b HAL/LCD Driver/LCD.o
 .debug_loc     0x00000982      0x59c MCAL/DIO Driver/DIO.o
 .debug_loc     0x00000f1e      0x2b9 MCAL/Timers Drivers/Timer1 Driver/timer1.o
 .debug_loc     0x000011d7       0x91 MCAL/USART/USART.o

.debug_macinfo
 *(.debug_macinfo)

.debug_weaknames
 *(.debug_weaknames)

.debug_funcnames
 *(.debug_funcnames)

.debug_typenames
 *(.debug_typenames)

.debug_varnames
 *(.debug_varnames)

.debug_pubtypes
 *(.debug_pubtypes)

.debug_ranges   0x00000000      0x128
 *(.debug_ranges)
 .debug_ranges  0x00000000       0x28 Application/Application.o
 .debug_ranges  0x00000028       0x40 HAL/LCD Driver/LCD.o
 .debug_ranges  0x00000068       0x10 main.o
 .debug_ranges  0x00000078       0x40 MCAL/DIO Driver/DIO.o
 .debug_ranges  0x000000b8       0x48 MCAL/Timers Drivers/Timer1 Driver/timer1.o
 .debug_ranges  0x00000100       0x28 MCAL/USART/USART.o

.debug_macro
 *(.debug_macro)
OUTPUT(Radar.elf elf32-avr)
LOAD linker stubs
